<div>
  <p>sample</p>
  <img src="http://reader.nunux.org/icons/favicon.png">
  <p>test</p>
  <img src="data:image/svg+xml,<svg xmlns=\'http://www.w3.org/2000/svg\'/>" alt="test">
</div>