<div>
  <h2>What is Lorem Ipsum?</h2>
  <p><strong>Lorem Ipsum</strong> is simply dummy text of the printing and typesetting industry...</p>
  <a href="http://example.org/test" target="_blank">test link</a>
  <img src="http://example.org/favicon.png">
  <img src="http://reader.nunux.org/icons/favicon.png">
</div>